ping: => missing cap_net_raw+p capability or setuid?
